[    0.1s] selected PNP seed=02 house=1536 traj_0 task='Pick up the tall pale yellow candle and place it in or on the handcrafted gray bowl with pattern' orig_success=True
${MOLMOSPACES_ROOT}/molmo_spaces/evaluation/eval_main.py:128: UserWarning: Using objaverse data version 20260131. This is a newer version that may contain different assets than the original benchmark version (20251016_from_20250610).
  _assert_data_versions_match()
WARNING: robosuite environments not imported...
Got error: No module named 'robosuite.models'; 'robosuite' is not a package
WARNING: robosuite task zoo environments not imported, possibly because robosuite_task_zoo is not installed...
Got error: No module named 'robosuite.environments'; 'robosuite' is not a package
ROBOMIMIC WARNING(
    No private macro file found!
    It is recommended to use a private macro file
    To setup, run: python ${ROBOMIMIC_ROOT}/robomimic/scripts/setup_macros.py
)
[   12.8s] constructing DataGenerator

DataGenerator: loading dataset at path artifacts/seeds/robomimic_pnp_50demo_crossmix_aligned.hdf5...

  0%|          | 0/50 [00:00<?, ?it/s]
 74%|███████▍  | 37/50 [00:00<00:00, 367.20it/s]
100%|██████████| 50/50 [00:00<00:00, 365.65it/s]
INFO:molmo_spaces.tasks.task_sampler:Data versions in use: {'robots': {'rby1': '20251224', 'rby1m': '20251224', 'franka_droid': '20260127', 'franka_cap': '20260213', 'floating_rum': '20251110', 'floating_robotiq': '20260208_retry4', 'franka_fr3': '20260303', 'i2rt_yam': '20260223'}, 'scenes': {'ithor': '20251217_with_occupancy', 'refs': '20250923', 'procthor-10k-train': '20251122_with_occupancy', 'procthor-10k-val': '20251217_with_occupancy', 'procthor-10k-test': '20251121_with_occupancy', 'holodeck-objaverse-train': '20251217_with_occupancy', 'holodeck-objaverse-val': '20251217_with_occupancy', 'procthor-objaverse-train': '20251205_with_occupancy', 'procthor-objaverse-val': '20251205_with_occupancy'}, 'objects': {'thor': '20251117', 'objaverse': '20260131', 'objathor_metadata': '20260129'}, 'grasps': {'droid': '20251116', 'droid_objaverse': '20251218'}, 'test_data': {'franka_pick': '20260610', 'franka_pick_and_place': '20260529', 'rby1_door_opening': '20260228', 'rby1_pnp': '20260610', 'rum_open_close': '20260305', 'rum_pick': '20260209', 'test_randomized_data': '20251209', 'thormap': '20251209'}, 'benchmarks': {'molmospaces-bench-v1': '20260408', 'molmospaces-bench-v2': '20260415'}}

DataGenerator: done loading

[   13.0s] running DataGenerator.generate
INFO:molmo_spaces.tasks.json_eval_task_sampler:Added body to scene: place_receptacle/0/7ea7613e42b044e8bf80af283401a775
INFO:molmo_spaces.tasks.json_eval_task_sampler:Added body to scene: place_receptacle/1/9fa0e267fb3546388eae1f6b36df2f48
INFO:molmo_spaces.tasks.json_eval_task_sampler:Added body to scene: place_receptacle/2/e4d837c9218b4b768a2d1ad4421a227e
INFO:molmo_spaces.tasks.task_sampler:Loaded 4 assets from static blacklist
INFO:molmo_spaces.env.env:Using MuJoCo renderer: classic
INFO:OpenGL.acceleratesupport:No OpenGL_accelerate module loaded: No module named 'OpenGL_accelerate'
INFO:molmo_spaces.tasks.task_sampler:Scene updated: ${MOLMOSPACES_ASSET_CACHE}/L21udC92cWEveWt5L3Byb2plY3QvcGFwZXJfcmVwcm9kdWN0aW9ucy9vZmZpY2lhbC9tb2xtb3NwYWNlcw/scenes/procthor-objaverse-val/val_1536_ceiling.xml
INFO:molmo_spaces.tasks.json_eval_task_sampler:randomize_scene: episode_spec says: house_index=1536, scene_dataset=procthor-objaverse, data_split=val
INFO:molmo_spaces.tasks.json_eval_task_sampler:randomize_scene: config says: scene_dataset=procthor-objaverse, data_split=val
INFO:molmo_spaces.tasks.json_eval_task_sampler:randomize_scene: Setting poses for 51 objects
INFO:molmo_spaces.tasks.json_eval_task_sampler:Scene setup from episode spec completed.
INFO:molmo_spaces.env.camera_manager:[CAMERA SETUP] Setting up 5 cameras
INFO:molmo_spaces.env.camera_manager:[CAMERA SETUP] Set up robot-mounted camera 'wrist_camera_zed_mini'
INFO:molmo_spaces.env.camera_manager:[CAMERA SETUP] Set up robot-mounted camera 'droid_shoulder_light_randomization'
INFO:molmo_spaces.env.camera_manager:[CAMERA SETUP] Set up fixed exocentric camera 'randomized_zed2_analogue_1'
INFO:molmo_spaces.env.camera_manager:[CAMERA SETUP] Set up fixed exocentric camera 'randomized_zed2_analogue_2'
INFO:molmo_spaces.env.camera_manager:[CAMERA SETUP] Set up fixed exocentric camera 'randomized_gopro_analogue_1'
INFO:molmo_spaces.env.camera_manager:[CAMERA SETUP] Successfully set up 5 cameras
INFO:molmo_spaces.tasks.task_sampler:Sampled task 'Pick up the tall pale yellow candle and place it in or on the handcrafted gray bowl with pattern'
Using SCENES_ROOT: ${MOLMOSPACES_ASSET_CACHE}/L21udC92cWEveWt5L3Byb2plY3QvcGFwZXJfcmVwcm9kdWN0aW9ucy9vZmZpY2lhbC9tb2xtb3NwYWNlcw/scenes
Warp 1.14.0 initialized:
   CUDA Toolkit 12.9, Driver 12.4
   Devices:
     "cpu"      : "x86_64"
     "cuda:0"   : "NVIDIA GeForce RTX 4090" (24 GiB, sm_89, mempool enabled)
   Kernel cache:
     ${WARP_CACHE}
[   19.0s] INITIAL_GATE {'obj': 1.5425285049275317e-07, 'base': 2.347219414389201e-07, 'arm': 0.0, 'gripper': 0.0}
[  225.6s] {
  "out_name": "gen_50cross_selectsrc_seed02",
  "source_hdf5": "artifacts/seeds/robomimic_pnp_50demo_crossmix_aligned.hdf5",
  "target_manifest": "artifacts/seeds/pnp_seed_manifest_50demo_crossmix.json",
  "source_demo_keys": [
    "demo_0",
    "demo_1",
    "demo_2",
    "demo_3",
    "demo_4",
    "demo_5",
    "demo_6",
    "demo_7",
    "demo_8",
    "demo_9",
    "demo_10",
    "demo_11",
    "demo_12",
    "demo_13",
    "demo_14",
    "demo_15",
    "demo_16",
    "demo_17",
    "demo_18",
    "demo_19",
    "demo_20",
    "demo_21",
    "demo_22",
    "demo_23",
    "demo_24",
    "demo_25",
    "demo_26",
    "demo_27",
    "demo_28",
    "demo_29",
    "demo_30",
    "demo_31",
    "demo_32",
    "demo_33",
    "demo_34",
    "demo_35",
    "demo_36",
    "demo_37",
    "demo_38",
    "demo_39",
    "demo_40",
    "demo_41",
    "demo_42",
    "demo_43",
    "demo_44",
    "demo_45",
    "demo_46",
    "demo_47",
    "demo_48",
    "demo_49"
  ],
  "generation_env_seed_index": 2,
  "generation_env_house_id": 1536,
  "is_mimicgen_generate_call": true,
  "same_initial_state_smoke": false,
  "select_src_per_subtask": true,
  "interpolate_from_last_target_pose": true,
  "transform_first_robot_pose": true,
  "stop_on_success": false,
  "omit_final_residual": false,
  "post_hold_steps": 30,
  "generated_success_any": false,
  "final_success": false,
  "first_success_step": -1,
  "success_persistent_to_end": false,
  "num_actions_executed": 230,
  "src_demo_inds": [
    7,
    34,
    11,
    47,
    7,
    11,
    29
  ],
  "task_spec": {
    "subtask_1": {
      "object_ref": "pickup_obj",
      "subtask_term_signal": "pregrasp_done",
      "subtask_term_offset_range": [
        0,
        0
      ],
      "selection_strategy": "random",
      "selection_strategy_kwargs": null,
      "action_noise": 0.0,
      "num_interpolation_steps": 0,
      "num_fixed_steps": 0,
      "apply_noise_during_interpolation": false
    },
    "subtask_2": {
      "object_ref": "pickup_obj",
      "subtask_term_signal": "grasp_done",
      "subtask_term_offset_range": [
        0,
        0
      ],
      "selection_strategy": "random",
      "selection_strategy_kwargs": null,
      "action_noise": 0.0,
      "num_interpolation_steps": 0,
      "num_fixed_steps": 0,
      "apply_noise_during_interpolation": false
    },
    "subtask_3": {
      "object_ref": "pickup_obj",
      "subtask_term_signal": "gripper_closed",
      "subtask_term_offset_range": [
        0,
        0
      ],
      "selection_strategy": "random",
      "selection_strategy_kwargs": null,
      "action_noise": 0.0,
      "num_interpolation_steps": 0,
      "num_fixed_steps": 0,
      "apply_noise_during_interpolation": false
    },
    "subtask_4": {
      "object_ref": "pickup_obj",
      "subtask_term_signal": "lift_done",
      "subtask_term_offset_range": [
        0,
        0
      ],
      "selection_strategy": "random",
      "selection_strategy_kwargs": null,
      "action_noise": 0.0,
      "num_interpolation_steps": 0,
      "num_fixed_steps": 0,
      "apply_noise_during_interpolation": false
    },
    "subtask_5": {
      "object_ref": "place_receptacle",
      "subtask_term_signal": "preplace_done",
      "subtask_term_offset_range": [
        0,
        0
      ],
      "selection_strategy": "random",
      "selection_strategy_kwargs": null,
      "action_noise": 0.0,
      "num_interpolation_steps": 0,
      "num_fixed_steps": 0,
      "apply_noise_during_interpolation": false
    },
    "subtask_6": {
      "object_ref": "place_receptacle",
      "subtask_term_signal": "place_success",
      "subtask_term_offset_range": [
        0,
        0
      ],
      "selection_strategy": "random",
      "selection_strategy_kwargs": null,
      "action_noise": 0.0,
      "num_interpolation_steps": 0,
      "num_fixed_steps": 0,
      "apply_noise_during_interpolation": false
    },
    "subtask_7": {
      "object_ref": "place_receptacle",
      "subtask_term_signal": null,
      "subtask_term_offset_range": [
        0,
        0
      ],
      "selection_strategy": "random",
      "selection_strategy_kwargs": null,
      "action_noise": 0.0,
      "num_interpolation_steps": 0,
      "num_fixed_steps": 0,
      "apply_noise_during_interpolation": false
    }
  },
  "notes": "Full-rollout PnP generation from the configured source dataset; stop_on_success must be false for acceptance."
}
